[0m00:51:22.496009 [debug] [MainThread]: Sending event: {'category': 'dbt', 'action': 'invocation', 'label': 'start', 'context': [<snowplow_tracker.self_describing_json.SelfDescribingJson object at 0x000001C2FF34DAC0>, <snowplow_tracker.self_describing_json.SelfDescribingJson object at 0x000001C2FF53C6E0>, <snowplow_tracker.self_describing_json.SelfDescribingJson object at 0x000001C2FF34DCA0>]}


============================== 00:51:22.503010 | 46ce0b6f-c4cc-4048-9f8f-ed17dbe8f346 ==============================
[0m00:51:22.503010 [info ] [MainThread]: Running with dbt=1.12.0
[0m00:51:22.504011 [debug] [MainThread]: running dbt with arguments {'maximum_seed_size_mib': '1', 'no_print': 'None', 'version_check': 'True', 'warn_error_options': 'WarnErrorOptionsV2(error=[], warn=[], silence=[])', 'target_path': 'None', 'static_parser': 'True', 'printer_width': '80', 'write_json': 'True', 'empty': 'None', 'log_cache_events': 'False', 'introspect': 'True', 'cache_selected_only': 'False', 'log_format': 'default', 'debug': 'False', 'fail_fast': 'False', 'partial_parse': 'True', 'send_anonymous_usage_stats': 'True', 'quiet': 'False', 'warn_error': 'None', 'profiles_dir': 'C:\\Users\\ACIAGO\\.dbt', 'indirect_selection': 'eager', 'hints_enabled': 'True', 'invocation_command': 'dbt init aerospace_predictive_maintenance_dbt', 'use_experimental_parser': 'False', 'use_colors': 'True', 'log_path': 'logs'}
[0m00:51:22.560010 [debug] [MainThread]: Starter project path: C:\Users\ACIAGO\AppData\Local\Programs\Python\Python312\Lib\site-packages\dbt\include\starter_project
[0m00:51:22.600011 [info ] [MainThread]: Setting up your profile.
[0m00:52:25.205084 [debug] [MainThread]: Snowflake adapter: Setting snowflake.connector to ERROR (file logging only)
[0m00:52:25.207085 [debug] [MainThread]: Snowflake adapter: Setting botocore to ERROR (file logging only)
[0m00:52:25.208085 [debug] [MainThread]: Snowflake adapter: Setting boto3 to ERROR (file logging only)
[0m00:57:44.537173 [info ] [MainThread]: Profile aerospace_predictive_maintenance_dbt written to C:\Users\ACIAGO\.dbt\profiles.yml using target's profile_template.yml and your supplied values.
[0m00:57:44.548182 [info ] [MainThread]: Running dbt debug to validate the project...
[0m00:57:44.551179 [info ] [MainThread]: dbt version: 1.12.0
[0m00:57:44.553177 [info ] [MainThread]: python version: 3.12.9
[0m00:57:44.554177 [info ] [MainThread]: python path: C:\Users\ACIAGO\AppData\Local\Programs\Python\Python312\python.exe
[0m00:57:44.557176 [info ] [MainThread]: os info: Windows-10-10.0.19045-SP0
[0m00:57:44.737162 [info ] [MainThread]: Using profiles dir at C:\Users\ACIAGO\.dbt
[0m00:57:44.738163 [info ] [MainThread]: Using profiles.yml file at C:\Users\ACIAGO\.dbt\profiles.yml
[0m00:57:44.739171 [info ] [MainThread]: Using dbt_project.yml file at C:\Users\ACIAGO\Desktop\Aerospace_Predictive_Maintenance_Analytics\aerospace_predictive_maintenance_dbt\dbt_project.yml
[0m00:57:44.741170 [info ] [MainThread]: adapter type: snowflake
[0m00:57:44.742166 [info ] [MainThread]: adapter version: 1.12.0
[0m00:57:44.947781 [info ] [MainThread]: Configuration:
[0m00:57:44.948779 [info ] [MainThread]:   profiles.yml file [[32mOK found and valid[0m]
[0m00:57:44.949784 [info ] [MainThread]:   dbt_project.yml file [[32mOK found and valid[0m]
[0m00:57:44.950783 [info ] [MainThread]: Required dependencies:
[0m00:57:44.951780 [debug] [MainThread]: Executing "git --help"
[0m00:57:45.116782 [debug] [MainThread]: STDOUT: "b"usage: git [-v | --version] [-h | --help] [-C <path>] [-c <name>=<value>]\n           [--exec-path[=<path>]] [--html-path] [--man-path] [--info-path]\n           [-p | --paginate | -P | --no-pager] [--no-replace-objects] [--no-lazy-fetch]\n           [--no-optional-locks] [--no-advice] [--bare] [--git-dir=<path>]\n           [--work-tree=<path>] [--namespace=<name>] [--config-env=<name>=<envvar>]\n           <command> [<args>]\n\nThese are common Git commands used in various situations:\n\nstart a working area (see also: git help tutorial)\n   clone      Clone a repository into a new directory\n   init       Create an empty Git repository or reinitialize an existing one\n\nwork on the current change (see also: git help everyday)\n   add        Add file contents to the index\n   mv         Move or rename a file, a directory, or a symlink\n   restore    Restore working tree files\n   rm         Remove files from the working tree and from the index\n\nexamine the history and state (see also: git help revisions)\n   bisect     Use binary search to find the commit that introduced a bug\n   diff       Show changes between commits, commit and working tree, etc\n   grep       Print lines matching a pattern\n   log        Show commit logs\n   show       Show various types of objects\n   status     Show the working tree status\n\ngrow, mark and tweak your common history\n   backfill   Download missing objects in a partial clone\n   branch     List, create, or delete branches\n   commit     Record changes to the repository\n   merge      Join two or more development histories together\n   rebase     Reapply commits on top of another base tip\n   reset      Reset current HEAD to the specified state\n   switch     Switch branches\n   tag        Create, list, delete or verify a tag object signed with GPG\n\ncollaborate (see also: git help workflows)\n   fetch      Download objects and refs from another repository\n   pull       Fetch from and integrate with another repository or a local branch\n   push       Update remote refs along with associated objects\n\n'git help -a' and 'git help -g' list available subcommands and some\nconcept guides. See 'git help <command>' or 'git help <concept>'\nto read about a specific subcommand or concept.\nSee 'git help git' for an overview of the system.\n""
[0m00:57:45.117785 [debug] [MainThread]: STDERR: "b''"
[0m00:57:45.118787 [info ] [MainThread]:  - git [[32mOK found[0m]

[0m00:57:45.119786 [info ] [MainThread]: Connection:
[0m00:57:45.120786 [info ] [MainThread]:   account: tsmoyen-fa71114
[0m00:57:45.121783 [info ] [MainThread]:   user: MOULIDATAENGINEER
[0m00:57:45.121783 [info ] [MainThread]:   database: AEROSPACE_PREDICTIVE_MAINTENANCE_DB
[0m00:57:45.122783 [info ] [MainThread]:   warehouse: AEROSPACE_WH
[0m00:57:45.123785 [info ] [MainThread]:   role: ACCOUNTADMIN
[0m00:57:45.124785 [info ] [MainThread]:   schema: STAGING
[0m00:57:45.126789 [info ] [MainThread]:   authenticator: None
[0m00:57:45.127784 [info ] [MainThread]:   oauth_client_id: None
[0m00:57:45.131794 [info ] [MainThread]:   query_tag: None
[0m00:57:45.133792 [info ] [MainThread]:   client_session_keep_alive: False
[0m00:57:45.134789 [info ] [MainThread]:   host: None
[0m00:57:45.135789 [info ] [MainThread]:   port: None
[0m00:57:45.137784 [info ] [MainThread]:   proxy_host: None
[0m00:57:45.138786 [info ] [MainThread]:   proxy_port: None
[0m00:57:45.140784 [info ] [MainThread]:   protocol: None
[0m00:57:45.142785 [info ] [MainThread]:   connect_retries: 1
[0m00:57:45.143784 [info ] [MainThread]:   connect_timeout: None
[0m00:57:45.144785 [info ] [MainThread]:   retry_on_database_errors: False
[0m00:57:45.147787 [info ] [MainThread]:   retry_all: False
[0m00:57:45.149787 [info ] [MainThread]:   insecure_mode: False
[0m00:57:45.150789 [info ] [MainThread]:   reuse_connections: True
[0m00:57:45.151791 [info ] [MainThread]:   s3_stage_vpce_dns_name: None
[0m00:57:45.152782 [info ] [MainThread]:   workload_identity_provider: None
[0m00:57:45.153782 [info ] [MainThread]:   workload_identity_entra_resource: None
[0m00:57:45.153782 [info ] [MainThread]:   platform_detection_timeout_seconds: 0.0
[0m00:57:45.155783 [info ] [MainThread]: Registered adapter: snowflake=1.12.0
[0m00:57:45.905512 [debug] [MainThread]: Acquiring new snowflake connection 'debug'
[0m00:57:45.911515 [debug] [MainThread]: Using snowflake connection "debug"
[0m00:57:45.911515 [debug] [MainThread]: On debug: select 1 as id
[0m00:57:45.912515 [debug] [MainThread]: Opening a new connection, currently in state init
[0m00:57:49.674144 [debug] [MainThread]: SQL status: SUCCESS 1 in 3.762 seconds
[0m00:57:49.676144 [info ] [MainThread]:   Connection test: [[32mOK connection ok[0m]

[0m00:57:49.677143 [info ] [MainThread]: [32mAll checks passed![0m
[0m00:57:49.679147 [info ] [MainThread]: Your new dbt project "aerospace_predictive_maintenance_dbt" was created!
Initialized new project in C:\Users\ACIAGO\Desktop\Aerospace_Predictive_Maintenance_Analytics\aerospace_predictive_maintenance_dbt\aerospace_predictive_maintenance_dbt

For more information on how to configure the profiles.yml file,
please consult the dbt documentation here:

  https://docs.getdbt.com/docs/configure-your-profile

One more thing:

Need help? Don't hesitate to reach out to us via GitHub issues or on Slack:

  https://community.getdbt.com/

Happy modeling!

[0m00:57:49.682153 [debug] [MainThread]: Command `dbt init` succeeded at 00:57:49.681157 after 387.57 seconds
[0m00:57:49.683149 [debug] [MainThread]: Connection 'debug' was left open.
[0m00:57:49.683149 [debug] [MainThread]: On debug: Close
[0m00:57:49.953176 [debug] [MainThread]: Sending event: {'category': 'dbt', 'action': 'invocation', 'label': 'end', 'context': [<snowplow_tracker.self_describing_json.SelfDescribingJson object at 0x000001C2FF9B9C40>, <snowplow_tracker.self_describing_json.SelfDescribingJson object at 0x000001C282E9E3C0>, <snowplow_tracker.self_describing_json.SelfDescribingJson object at 0x000001C2828A36B0>]}
[0m00:57:49.955183 [debug] [MainThread]: Flushing usage events
[0m00:57:52.125220 [debug] [MainThread]: An error was encountered while trying to flush usage events
[0m13:42:15.453107 [debug] [MainThread]: Sending event: {'category': 'dbt', 'action': 'invocation', 'label': 'start', 'context': [<snowplow_tracker.self_describing_json.SelfDescribingJson object at 0x00000132D6AAE5A0>, <snowplow_tracker.self_describing_json.SelfDescribingJson object at 0x00000132D9C1C620>, <snowplow_tracker.self_describing_json.SelfDescribingJson object at 0x00000132DA277E90>]}


============================== 13:42:15.466097 | 4ba589a9-1981-4661-8152-452565986284 ==============================
[0m13:42:15.466097 [info ] [MainThread]: Running with dbt=1.12.0
[0m13:42:15.468097 [debug] [MainThread]: running dbt with arguments {'maximum_seed_size_mib': '1', 'no_print': 'None', 'static_parser': 'True', 'target_path': 'None', 'warn_error_options': 'WarnErrorOptionsV2(error=[], warn=[], silence=[])', 'version_check': 'True', 'printer_width': '80', 'write_json': 'True', 'empty': 'False', 'log_cache_events': 'False', 'introspect': 'True', 'cache_selected_only': 'False', 'fail_fast': 'False', 'debug': 'False', 'log_format': 'default', 'partial_parse': 'True', 'send_anonymous_usage_stats': 'True', 'quiet': 'False', 'warn_error': 'None', 'profiles_dir': 'C:\\Users\\ACIAGO\\.dbt', 'invocation_command': 'dbt run', 'hints_enabled': 'True', 'indirect_selection': 'eager', 'use_experimental_parser': 'False', 'use_colors': 'True', 'log_path': 'logs'}
[0m13:42:15.469096 [error] [MainThread]: [[31mERROR[0m]: Encountered an error:
Runtime Error
  No dbt_project.yml found at expected path C:\Users\ACIAGO\Desktop\Aerospace_Predictive_Maintenance_Analytics\dbt_project.yml
  Verify that each entry within packages.yml (and their transitive dependencies) contains a file named dbt_project.yml
  
[0m13:42:15.472096 [debug] [MainThread]: Command `dbt run` failed at 13:42:15.471103 after 0.38 seconds
[0m13:42:15.473098 [debug] [MainThread]: Sending event: {'category': 'dbt', 'action': 'invocation', 'label': 'end', 'context': [<snowplow_tracker.self_describing_json.SelfDescribingJson object at 0x00000132DC4D10A0>, <snowplow_tracker.self_describing_json.SelfDescribingJson object at 0x00000132D6AAE5A0>, <snowplow_tracker.self_describing_json.SelfDescribingJson object at 0x00000132D7335280>]}
[0m13:42:15.474109 [debug] [MainThread]: Flushing usage events
[0m13:42:17.195567 [debug] [MainThread]: An error was encountered while trying to flush usage events
